{
  "version": "1.5.0",
  "plugins_used": [
    {
      "name": "ArtifactoryDetector"
    },
    {
      "name": "AWSKeyDetector"
    },
    {
      "name": "AzureStorageKeyDetector"
    },
    {
      "name": "Base64HighEntropyString",
      "limit": 4.5
    },
    {
      "name": "BasicAuthDetector"
    },
    {
      "name": "CloudantDetector"
    },
    {
      "name": "DiscordBotTokenDetector"
    },
    {
      "name": "GitHubTokenDetector"
    },
    {
      "name": "GitLabTokenDetector"
    },
    {
      "name": "HexHighEntropyString",
      "limit": 3.0
    },
    {
      "name": "IbmCloudIamDetector"
    },
    {
      "name": "IbmCosHmacDetector"
    },
    {
      "name": "IPPublicDetector"
    },
    {
      "name": "JwtTokenDetector"
    },
    {
      "name": "KeywordDetector",
      "keyword_exclude": ""
    },
    {
      "name": "MailchimpDetector"
    },
    {
      "name": "NpmDetector"
    },
    {
      "name": "OpenAIDetector"
    },
    {
      "name": "PrivateKeyDetector"
    },
    {
      "name": "PypiTokenDetector"
    },
    {
      "name": "SendGridDetector"
    },
    {
      "name": "SlackDetector"
    },
    {
      "name": "SoftlayerDetector"
    },
    {
      "name": "SquareOAuthDetector"
    },
    {
      "name": "StripeDetector"
    },
    {
      "name": "TelegramBotTokenDetector"
    },
    {
      "name": "TwilioKeyDetector"
    }
  ],
  "filters_used": [
    {
      "path": "detect_secrets.filters.allowlist.is_line_allowlisted"
    },
    {
      "path": "detect_secrets.filters.common.is_baseline_file",
      "filename": ".secrets.baseline"
    },
    {
      "path": "detect_secrets.filters.common.is_ignored_due_to_verification_policies",
      "min_level": 2
    },
    {
      "path": "detect_secrets.filters.heuristic.is_indirect_reference"
    },
    {
      "path": "detect_secrets.filters.heuristic.is_likely_id_string"
    },
    {
      "path": "detect_secrets.filters.heuristic.is_lock_file"
    },
    {
      "path": "detect_secrets.filters.heuristic.is_not_alphanumeric_string"
    },
    {
      "path": "detect_secrets.filters.heuristic.is_potential_uuid"
    },
    {
      "path": "detect_secrets.filters.heuristic.is_prefixed_with_dollar_sign"
    },
    {
      "path": "detect_secrets.filters.heuristic.is_sequential_string"
    },
    {
      "path": "detect_secrets.filters.heuristic.is_swagger_file"
    },
    {
      "path": "detect_secrets.filters.heuristic.is_templated_secret"
    }
  ],
  "results": {
    "docs/10_Development/design/racing-atelier/project/_ds_bundle.js": [
      {
        "type": "Hex High Entropy String",
        "filename": "docs/10_Development/design/racing-atelier/project/_ds_bundle.js",
        "hashed_secret": "048a3865227957cb1058405162f3017d233e7eba",
        "is_verified": false,
        "line_number": 1
      },
      {
        "type": "Hex High Entropy String",
        "filename": "docs/10_Development/design/racing-atelier/project/_ds_bundle.js",
        "hashed_secret": "14c6e073c84151fa85b388c35db64671a59726a4",
        "is_verified": false,
        "line_number": 1
      },
      {
        "type": "Hex High Entropy String",
        "filename": "docs/10_Development/design/racing-atelier/project/_ds_bundle.js",
        "hashed_secret": "2f87c9fad193fb3f2422479b0108be1a7964904f",
        "is_verified": false,
        "line_number": 1
      },
      {
        "type": "Hex High Entropy String",
        "filename": "docs/10_Development/design/racing-atelier/project/_ds_bundle.js",
        "hashed_secret": "61a6f2b39ee114737ebdcf7827d6e47f18a274d2",
        "is_verified": false,
        "line_number": 1
      },
      {
        "type": "Hex High Entropy String",
        "filename": "docs/10_Development/design/racing-atelier/project/_ds_bundle.js",
        "hashed_secret": "7a2c8e10aa20274e3dfcf61011b9d81aa76efff1",
        "is_verified": false,
        "line_number": 1
      },
      {
        "type": "Hex High Entropy String",
        "filename": "docs/10_Development/design/racing-atelier/project/_ds_bundle.js",
        "hashed_secret": "93d6ee4039f17d7b537636038a93b96aae60d7a4",
        "is_verified": false,
        "line_number": 1
      },
      {
        "type": "Hex High Entropy String",
        "filename": "docs/10_Development/design/racing-atelier/project/_ds_bundle.js",
        "hashed_secret": "990d0a1ad77d29b20359481b4879ab092dc9c18f",
        "is_verified": false,
        "line_number": 1
      },
      {
        "type": "Hex High Entropy String",
        "filename": "docs/10_Development/design/racing-atelier/project/_ds_bundle.js",
        "hashed_secret": "a9ded8bf0187c597dd86fa76522a1bbb10924859",
        "is_verified": false,
        "line_number": 1
      },
      {
        "type": "Hex High Entropy String",
        "filename": "docs/10_Development/design/racing-atelier/project/_ds_bundle.js",
        "hashed_secret": "c8540449d73eb4921ba567c1482f046b99e57514",
        "is_verified": false,
        "line_number": 1
      },
      {
        "type": "Hex High Entropy String",
        "filename": "docs/10_Development/design/racing-atelier/project/_ds_bundle.js",
        "hashed_secret": "f5b14564abad9f0d44a94e91ab555e29e024ede5",
        "is_verified": false,
        "line_number": 1
      }
    ],
    "docs/10_Development/design/racing-atelier/project/components/brand/brand.card.html": [
      {
        "type": "Base64 High Entropy String",
        "filename": "docs/10_Development/design/racing-atelier/project/components/brand/brand.card.html",
        "hashed_secret": "15cec270f44d7f4f1751d3f3ba0c59de746d783e",
        "is_verified": false,
        "line_number": 13
      },
      {
        "type": "Base64 High Entropy String",
        "filename": "docs/10_Development/design/racing-atelier/project/components/brand/brand.card.html",
        "hashed_secret": "9d4f0dbeba51b67921005512a26e5e651bedb626",
        "is_verified": false,
        "line_number": 14
      },
      {
        "type": "Base64 High Entropy String",
        "filename": "docs/10_Development/design/racing-atelier/project/components/brand/brand.card.html",
        "hashed_secret": "eadc3f93238dda49ec69d9ffa9416a74f348d9ca",
        "is_verified": false,
        "line_number": 15
      }
    ],
    "docs/10_Development/design/racing-atelier/project/components/core/core.card.html": [
      {
        "type": "Base64 High Entropy String",
        "filename": "docs/10_Development/design/racing-atelier/project/components/core/core.card.html",
        "hashed_secret": "15cec270f44d7f4f1751d3f3ba0c59de746d783e",
        "is_verified": false,
        "line_number": 14
      },
      {
        "type": "Base64 High Entropy String",
        "filename": "docs/10_Development/design/racing-atelier/project/components/core/core.card.html",
        "hashed_secret": "9d4f0dbeba51b67921005512a26e5e651bedb626",
        "is_verified": false,
        "line_number": 15
      },
      {
        "type": "Base64 High Entropy String",
        "filename": "docs/10_Development/design/racing-atelier/project/components/core/core.card.html",
        "hashed_secret": "eadc3f93238dda49ec69d9ffa9416a74f348d9ca",
        "is_verified": false,
        "line_number": 16
      }
    ],
    "docs/10_Development/design/racing-atelier/project/components/instrument/instrument.card.html": [
      {
        "type": "Base64 High Entropy String",
        "filename": "docs/10_Development/design/racing-atelier/project/components/instrument/instrument.card.html",
        "hashed_secret": "15cec270f44d7f4f1751d3f3ba0c59de746d783e",
        "is_verified": false,
        "line_number": 13
      },
      {
        "type": "Base64 High Entropy String",
        "filename": "docs/10_Development/design/racing-atelier/project/components/instrument/instrument.card.html",
        "hashed_secret": "9d4f0dbeba51b67921005512a26e5e651bedb626",
        "is_verified": false,
        "line_number": 14
      },
      {
        "type": "Base64 High Entropy String",
        "filename": "docs/10_Development/design/racing-atelier/project/components/instrument/instrument.card.html",
        "hashed_secret": "eadc3f93238dda49ec69d9ffa9416a74f348d9ca",
        "is_verified": false,
        "line_number": 15
      }
    ],
    "docs/10_Development/design/racing-atelier/project/components/track/track.card.html": [
      {
        "type": "Base64 High Entropy String",
        "filename": "docs/10_Development/design/racing-atelier/project/components/track/track.card.html",
        "hashed_secret": "15cec270f44d7f4f1751d3f3ba0c59de746d783e",
        "is_verified": false,
        "line_number": 12
      },
      {
        "type": "Base64 High Entropy String",
        "filename": "docs/10_Development/design/racing-atelier/project/components/track/track.card.html",
        "hashed_secret": "9d4f0dbeba51b67921005512a26e5e651bedb626",
        "is_verified": false,
        "line_number": 13
      },
      {
        "type": "Base64 High Entropy String",
        "filename": "docs/10_Development/design/racing-atelier/project/components/track/track.card.html",
        "hashed_secret": "eadc3f93238dda49ec69d9ffa9416a74f348d9ca",
        "is_verified": false,
        "line_number": 14
      }
    ],
    "docs/10_Development/design/racing-atelier/project/templates/ingame-hud/support.js": [
      {
        "type": "Base64 High Entropy String",
        "filename": "docs/10_Development/design/racing-atelier/project/templates/ingame-hud/support.js",
        "hashed_secret": "eadc3f93238dda49ec69d9ffa9416a74f348d9ca",
        "is_verified": false,
        "line_number": 1049
      },
      {
        "type": "Base64 High Entropy String",
        "filename": "docs/10_Development/design/racing-atelier/project/templates/ingame-hud/support.js",
        "hashed_secret": "13ded5622237af2efcc6079718b0671ecdd4165e",
        "is_verified": false,
        "line_number": 1569
      },
      {
        "type": "Base64 High Entropy String",
        "filename": "docs/10_Development/design/racing-atelier/project/templates/ingame-hud/support.js",
        "hashed_secret": "18ed4a6366415e03e68e83c982650bacd21d1ba1",
        "is_verified": false,
        "line_number": 1571
      }
    ],
    "docs/10_Development/design/racing-atelier/project/templates/rig-screen/support.js": [
      {
        "type": "Base64 High Entropy String",
        "filename": "docs/10_Development/design/racing-atelier/project/templates/rig-screen/support.js",
        "hashed_secret": "eadc3f93238dda49ec69d9ffa9416a74f348d9ca",
        "is_verified": false,
        "line_number": 1049
      },
      {
        "type": "Base64 High Entropy String",
        "filename": "docs/10_Development/design/racing-atelier/project/templates/rig-screen/support.js",
        "hashed_secret": "13ded5622237af2efcc6079718b0671ecdd4165e",
        "is_verified": false,
        "line_number": 1569
      },
      {
        "type": "Base64 High Entropy String",
        "filename": "docs/10_Development/design/racing-atelier/project/templates/rig-screen/support.js",
        "hashed_secret": "18ed4a6366415e03e68e83c982650bacd21d1ba1",
        "is_verified": false,
        "line_number": 1571
      }
    ],
    "docs/10_Development/design/racing-atelier/project/templates/track-atlas/support.js": [
      {
        "type": "Base64 High Entropy String",
        "filename": "docs/10_Development/design/racing-atelier/project/templates/track-atlas/support.js",
        "hashed_secret": "eadc3f93238dda49ec69d9ffa9416a74f348d9ca",
        "is_verified": false,
        "line_number": 1049
      },
      {
        "type": "Base64 High Entropy String",
        "filename": "docs/10_Development/design/racing-atelier/project/templates/track-atlas/support.js",
        "hashed_secret": "13ded5622237af2efcc6079718b0671ecdd4165e",
        "is_verified": false,
        "line_number": 1569
      },
      {
        "type": "Base64 High Entropy String",
        "filename": "docs/10_Development/design/racing-atelier/project/templates/track-atlas/support.js",
        "hashed_secret": "18ed4a6366415e03e68e83c982650bacd21d1ba1",
        "is_verified": false,
        "line_number": 1571
      }
    ],
    "docs/10_Development/design/racing-atelier/project/templates/windows-launcher/support.js": [
      {
        "type": "Base64 High Entropy String",
        "filename": "docs/10_Development/design/racing-atelier/project/templates/windows-launcher/support.js",
        "hashed_secret": "eadc3f93238dda49ec69d9ffa9416a74f348d9ca",
        "is_verified": false,
        "line_number": 1049
      },
      {
        "type": "Base64 High Entropy String",
        "filename": "docs/10_Development/design/racing-atelier/project/templates/windows-launcher/support.js",
        "hashed_secret": "13ded5622237af2efcc6079718b0671ecdd4165e",
        "is_verified": false,
        "line_number": 1569
      },
      {
        "type": "Base64 High Entropy String",
        "filename": "docs/10_Development/design/racing-atelier/project/templates/windows-launcher/support.js",
        "hashed_secret": "18ed4a6366415e03e68e83c982650bacd21d1ba1",
        "is_verified": false,
        "line_number": 1571
      }
    ],
    "docs/10_Development/design/racing-atelier/project/ui_kits/esp32_rig/index.html": [
      {
        "type": "Base64 High Entropy String",
        "filename": "docs/10_Development/design/racing-atelier/project/ui_kits/esp32_rig/index.html",
        "hashed_secret": "15cec270f44d7f4f1751d3f3ba0c59de746d783e",
        "is_verified": false,
        "line_number": 25
      },
      {
        "type": "Base64 High Entropy String",
        "filename": "docs/10_Development/design/racing-atelier/project/ui_kits/esp32_rig/index.html",
        "hashed_secret": "9d4f0dbeba51b67921005512a26e5e651bedb626",
        "is_verified": false,
        "line_number": 26
      },
      {
        "type": "Base64 High Entropy String",
        "filename": "docs/10_Development/design/racing-atelier/project/ui_kits/esp32_rig/index.html",
        "hashed_secret": "eadc3f93238dda49ec69d9ffa9416a74f348d9ca",
        "is_verified": false,
        "line_number": 27
      }
    ],
    "docs/10_Development/design/racing-atelier/project/ui_kits/game_point/index.html": [
      {
        "type": "Base64 High Entropy String",
        "filename": "docs/10_Development/design/racing-atelier/project/ui_kits/game_point/index.html",
        "hashed_secret": "15cec270f44d7f4f1751d3f3ba0c59de746d783e",
        "is_verified": false,
        "line_number": 11
      },
      {
        "type": "Base64 High Entropy String",
        "filename": "docs/10_Development/design/racing-atelier/project/ui_kits/game_point/index.html",
        "hashed_secret": "9d4f0dbeba51b67921005512a26e5e651bedb626",
        "is_verified": false,
        "line_number": 12
      },
      {
        "type": "Base64 High Entropy String",
        "filename": "docs/10_Development/design/racing-atelier/project/ui_kits/game_point/index.html",
        "hashed_secret": "eadc3f93238dda49ec69d9ffa9416a74f348d9ca",
        "is_verified": false,
        "line_number": 13
      }
    ],
    "docs/10_Development/design/racing-atelier/project/ui_kits/ingame_hud/index.html": [
      {
        "type": "Base64 High Entropy String",
        "filename": "docs/10_Development/design/racing-atelier/project/ui_kits/ingame_hud/index.html",
        "hashed_secret": "15cec270f44d7f4f1751d3f3ba0c59de746d783e",
        "is_verified": false,
        "line_number": 23
      },
      {
        "type": "Base64 High Entropy String",
        "filename": "docs/10_Development/design/racing-atelier/project/ui_kits/ingame_hud/index.html",
        "hashed_secret": "9d4f0dbeba51b67921005512a26e5e651bedb626",
        "is_verified": false,
        "line_number": 24
      },
      {
        "type": "Base64 High Entropy String",
        "filename": "docs/10_Development/design/racing-atelier/project/ui_kits/ingame_hud/index.html",
        "hashed_secret": "eadc3f93238dda49ec69d9ffa9416a74f348d9ca",
        "is_verified": false,
        "line_number": 25
      }
    ]
  },
  "generated_at": "2026-06-30T17:41:26Z"
}
